

================================================================
== Vivado HLS Report for 'load_feature'
================================================================
* Date:           Wed Apr 24 21:45:32 2024

* Version:        2018.3 (Build 2405991 on Thu Dec 06 23:56:15 MST 2018)
* Project:        current_conv
* Solution:       solution1
* Product family: zynq
* Target device:  xc7z020clg400-1


================================================================
== Performance Estimates
================================================================
+ Timing (ns): 
    * Summary: 
    +--------+-------+----------+------------+
    |  Clock | Target| Estimated| Uncertainty|
    +--------+-------+----------+------------+
    |ap_clk  |  50.00|    43.750|        6.25|
    +--------+-------+----------+------------+

+ Latency (clock cycles): 
    * Summary: 
    +-----+-----+-----+-----+---------+
    |  Latency  |  Interval | Pipeline|
    | min | max | min | max |   Type  |
    +-----+-----+-----+-----+---------+
    |  100|  100|  100|  100|   none  |
    +-----+-----+-----+-----+---------+

    + Detail: 
        * Instance: 
        N/A

        * Loop: 
        +----------+-----+-----+----------+-----------+-----------+------+----------+
        |          |  Latency  | Iteration|  Initiation Interval  | Trip |          |
        | Loop Name| min | max |  Latency |  achieved |   target  | Count| Pipelined|
        +----------+-----+-----+----------+-----------+-----------+------+----------+
        |- Loop 1  |   98|   98|        10|          1|          1|    90|    yes   |
        +----------+-----+-----+----------+-----------+-----------+------+----------+



================================================================
== Utilization Estimates
================================================================
* Summary: 
+-----------------+---------+-------+--------+-------+
|       Name      | BRAM_18K| DSP48E|   FF   |  LUT  |
+-----------------+---------+-------+--------+-------+
|DSP              |        -|      -|       -|      -|
|Expression       |        -|     24|       0|   1829|
|FIFO             |        -|      -|       -|      -|
|Instance         |        -|      -|       -|      -|
|Memory           |        -|      -|       -|      -|
|Multiplexer      |        -|      -|       -|    168|
|Register         |        0|      -|     907|     64|
+-----------------+---------+-------+--------+-------+
|Total            |        0|     24|     907|   2061|
+-----------------+---------+-------+--------+-------+
|Available        |      280|    220|  106400|  53200|
+-----------------+---------+-------+--------+-------+
|Utilization (%)  |        0|     10|   ~0   |      3|
+-----------------+---------+-------+--------+-------+

+ Detail: 
    * Instance: 
    N/A

    * DSP48: 
    N/A

    * Memory: 
    N/A

    * FIFO: 
    N/A

    * Expression: 
    +-----------------------------------+----------+-------+---+-----+------------+------------+
    |           Variable Name           | Operation| DSP48E| FF| LUT | Bitwidth P0| Bitwidth P1|
    +-----------------------------------+----------+-------+---+-----+------------+------------+
    |bound4_fu_370_p2                   |     *    |      3|  0|   47|          32|          64|
    |bound_fu_356_p2                    |     *    |      3|  0|   20|          32|          32|
    |tmp5_mid2_fu_644_p2                |     *    |      3|  0|   20|          32|          32|
    |tmp_14_fu_318_p2                   |     *    |      3|  0|   24|          31|          31|
    |tmp_15_fu_324_p2                   |     *    |      3|  0|   20|          31|          32|
    |tmp_17_fu_336_p2                   |     *    |      3|  0|   20|          31|          32|
    |tmp_19_fu_410_p2                   |     *    |      3|  0|   20|          32|          31|
    |tmp_22_mid1_fu_519_p2              |     *    |      3|  0|   20|          31|          32|
    |c_s_fu_475_p2                      |     +    |      0|  0|   38|          31|           1|
    |i_2_fu_583_p2                      |     +    |      0|  0|   38|          31|           1|
    |index_s_fu_485_p2                  |     +    |      0|  0|   39|          32|          32|
    |indvar_flatten_next2_fu_469_p2     |     +    |      0|  0|  103|          96|           1|
    |indvar_flatten_op_fu_780_p2        |     +    |      0|  0|   71|          64|           1|
    |j_op_fu_758_p2                     |     +    |      0|  0|   38|          31|           1|
    |sum_fu_737_p2                      |     +    |      0|  0|   40|          33|          33|
    |tmp_24_dup_fu_589_p2               |     +    |      0|  0|   39|          32|          32|
    |tmp_26_fu_727_p2                   |     +    |      0|  0|   39|          32|          32|
    |tmp_30_fu_752_p2                   |     +    |      0|  0|   39|          32|           1|
    |tmp_fu_443_p2                      |     +    |      0|  0|   39|          32|          32|
    |tmp_mid1_fu_630_p2                 |     +    |      0|  0|   39|          32|          32|
    |tmp_mid_fu_532_p2                  |     +    |      0|  0|   39|          32|          32|
    |xi_fu_691_p2                       |     +    |      0|  0|   39|          32|          32|
    |yi_fu_419_p2                       |     +    |      0|  0|   39|          32|          32|
    |yi_mid1_fu_606_p2                  |     +    |      0|  0|   39|          32|          32|
    |tmp_16_fu_330_p2                   |     -    |      0|  0|   39|          32|          32|
    |tmp_18_fu_342_p2                   |     -    |      0|  0|   39|          32|          32|
    |ap_block_pp0_stage0_01001          |    and   |      0|  0|    2|           1|           1|
    |ap_block_state10_pp0_stage0_iter8  |    and   |      0|  0|    2|           1|           1|
    |ap_block_state3_io                 |    and   |      0|  0|    2|           1|           1|
    |ap_condition_733                   |    and   |      0|  0|    2|           1|           1|
    |or_cond4_fu_721_p2                 |    and   |      0|  0|    2|           1|           1|
    |tmp1_fu_715_p2                     |    and   |      0|  0|    2|           1|           1|
    |tmp2_fu_449_p2                     |    and   |      0|  0|    2|           1|           1|
    |tmp2_mid1_fu_649_p2                |    and   |      0|  0|    2|           1|           1|
    |tmp2_mid_fu_396_p2                 |    and   |      0|  0|    2|           1|           1|
    |exitcond_flatten2_fu_464_p2        |   icmp   |      0|  0|   50|          96|          96|
    |exitcond_flatten_fu_490_p2         |   icmp   |      0|  0|   29|          64|          64|
    |tmp_13_fu_296_p2                   |   icmp   |      0|  0|   18|          32|           1|
    |tmp_21_fu_438_p2                   |   icmp   |      0|  0|   18|          32|          32|
    |tmp_22_fu_459_p2                   |   icmp   |      0|  0|   18|          32|          32|
    |tmp_25_fu_710_p2                   |   icmp   |      0|  0|   18|          32|          32|
    |tmp_26_mid1_fu_625_p2              |   icmp   |      0|  0|   18|          32|          32|
    |tmp_26_mid_fu_390_p2               |   icmp   |      0|  0|   18|          32|          32|
    |tmp_s_fu_274_p2                    |   icmp   |      0|  0|   18|          32|           1|
    |ap_block_pp0_stage0_11001          |    or    |      0|  0|    2|           1|           1|
    |c_mid2_fu_575_p3                   |  select  |      0|  0|   31|           1|          31|
    |i_mid2_fu_683_p3                   |  select  |      0|  0|   31|           1|          31|
    |i_mid_fu_503_p3                    |  select  |      0|  0|   31|           1|           1|
    |index_1_mid2_fu_675_p3             |  select  |      0|  0|   32|           1|          32|
    |index_1_mid_fu_495_p3              |  select  |      0|  0|   32|           1|          32|
    |index_2_mid2_fu_598_p3             |  select  |      0|  0|   32|           1|          32|
    |index_2_mid_fu_511_p3              |  select  |      0|  0|   32|           1|          32|
    |index_mid2_fu_567_p3               |  select  |      0|  0|   32|           1|          32|
    |indvar_flatten_next_fu_786_p3      |  select  |      0|  0|   64|           1|           1|
    |j_2_fu_772_p3                      |  select  |      0|  0|   31|           1|          31|
    |j_cast_mid2_fu_663_p3              |  select  |      0|  0|   31|           1|          31|
    |j_cast_mid_fu_552_p3               |  select  |      0|  0|   31|           1|           1|
    |j_mid211_op_fu_764_p3              |  select  |      0|  0|   31|           1|           1|
    |smax1_fu_306_p3                    |  select  |      0|  0|   31|           1|          31|
    |smax_fu_284_p3                     |  select  |      0|  0|   31|           1|          31|
    |tmp2_mid2_fu_655_p3                |  select  |      0|  0|    2|           1|           1|
    |tmp2_mid3_fu_545_p3                |  select  |      0|  0|    2|           1|           1|
    |tmp5_mid227_v_fu_537_p3            |  select  |      0|  0|   32|           1|          32|
    |tmp5_mid2_v_fu_636_p3              |  select  |      0|  0|   32|           1|          32|
    |tmp_22_mid2_fu_524_p3              |  select  |      0|  0|   32|           1|          32|
    |tmp_27_mid_fu_560_p3               |  select  |      0|  0|    2|           1|           1|
    |ap_enable_pp0                      |    xor   |      0|  0|    2|           1|           2|
    |ap_enable_reg_pp0_iter1            |    xor   |      0|  0|    2|           2|           1|
    |rev1_fu_432_p2                     |    xor   |      0|  0|    2|           1|           2|
    |rev2_fu_619_p2                     |    xor   |      0|  0|    2|           1|           2|
    |rev3_fu_704_p2                     |    xor   |      0|  0|    2|           1|           2|
    |rev_fu_384_p2                      |    xor   |      0|  0|    2|           1|           2|
    +-----------------------------------+----------+-------+---+-----+------------+------------+
    |Total                              |          |     24|  0| 1829|        1344|        1469|
    +-----------------------------------+----------+-------+---+-----+------------+------------+

    * Multiplexer: 
    +-----------------------------------------+----+-----------+-----+-----------+
    |                   Name                  | LUT| Input Size| Bits| Total Bits|
    +-----------------------------------------+----+-----------+-----+-----------+
    |ap_NS_fsm                                |  21|          4|    1|          4|
    |ap_enable_reg_pp0_iter1                  |   9|          2|    1|          2|
    |ap_enable_reg_pp0_iter9                  |   9|          2|    1|          2|
    |ap_sig_ioackin_m_axi_feature_in_ARREADY  |   9|          2|    1|          2|
    |c_reg_200                                |   9|          2|   31|         62|
    |feature_buffer_address0                  |  15|          3|   15|         45|
    |feature_buffer_d0                        |  15|          3|   32|         96|
    |feature_in_blk_n_AR                      |   9|          2|    1|          2|
    |feature_in_blk_n_R                       |   9|          2|    1|          2|
    |i_reg_233                                |   9|          2|   31|         62|
    |index_1_reg_222                          |   9|          2|   32|         64|
    |index_2_reg_244                          |   9|          2|   32|         64|
    |index_reg_189                            |   9|          2|   32|         64|
    |indvar_flatten2_reg_178                  |   9|          2|   96|        192|
    |indvar_flatten_reg_211                   |   9|          2|   64|        128|
    |j_reg_255                                |   9|          2|   31|         62|
    +-----------------------------------------+----+-----------+-----+-----------+
    |Total                                    | 168|         36|  402|        853|
    +-----------------------------------------+----+-----------+-----+-----------+

    * Register: 
    +-----------------------------------------+----+----+-----+-----------+
    |                   Name                  | FF | LUT| Bits| Const Bits|
    +-----------------------------------------+----+----+-----+-----------+
    |ap_CS_fsm                                |   3|   0|    3|          0|
    |ap_enable_reg_pp0_iter0                  |   1|   0|    1|          0|
    |ap_enable_reg_pp0_iter1                  |   1|   0|    1|          0|
    |ap_enable_reg_pp0_iter2                  |   1|   0|    1|          0|
    |ap_enable_reg_pp0_iter3                  |   1|   0|    1|          0|
    |ap_enable_reg_pp0_iter4                  |   1|   0|    1|          0|
    |ap_enable_reg_pp0_iter5                  |   1|   0|    1|          0|
    |ap_enable_reg_pp0_iter6                  |   1|   0|    1|          0|
    |ap_enable_reg_pp0_iter7                  |   1|   0|    1|          0|
    |ap_enable_reg_pp0_iter8                  |   1|   0|    1|          0|
    |ap_enable_reg_pp0_iter9                  |   1|   0|    1|          0|
    |ap_reg_ioackin_m_axi_feature_in_ARREADY  |   1|   0|    1|          0|
    |bound4_reg_853                           |  96|   0|   96|          0|
    |bound_reg_848                            |  64|   0|   64|          0|
    |c_reg_200                                |  31|   0|   31|          0|
    |feature_in_addr_read_reg_928             |  32|   0|   32|          0|
    |feature_in_addr_reg_907                  |  32|   0|   32|          0|
    |i_reg_233                                |  31|   0|   31|          0|
    |index_1_reg_222                          |  32|   0|   32|          0|
    |index_2_mid2_reg_887                     |  32|   0|   32|          0|
    |index_2_reg_244                          |  32|   0|   32|          0|
    |index_reg_189                            |  32|   0|   32|          0|
    |indvar_flatten2_reg_178                  |  96|   0|   96|          0|
    |indvar_flatten_reg_211                   |  64|   0|   64|          0|
    |j_reg_255                                |  31|   0|   31|          0|
    |or_cond4_reg_903                         |   1|   0|    1|          0|
    |sext_cast_reg_863                        |  30|   0|   33|          3|
    |smax_cast_reg_826                        |  31|   0|   32|          1|
    |tmp2_mid_reg_858                         |   1|   0|    1|          0|
    |tmp_14_reg_831                           |  32|   0|   32|          0|
    |tmp_16_reg_836                           |  32|   0|   32|          0|
    |tmp_18_reg_841                           |  32|   0|   32|          0|
    |tmp_s_reg_821                            |   1|   0|    1|          0|
    |index_2_mid2_reg_887                     |  64|  32|   32|          0|
    |or_cond4_reg_903                         |  64|  32|    1|          0|
    +-----------------------------------------+----+----+-----+-----------+
    |Total                                    | 907|  64|  816|          4|
    +-----------------------------------------+----+----+-----+-----------+



================================================================
== Interface
================================================================
* Summary: 
+---------------------------+-----+-----+------------+-------------------+--------------+
|         RTL Ports         | Dir | Bits|  Protocol  |   Source Object   |    C Type    |
+---------------------------+-----+-----+------------+-------------------+--------------+
|ap_clk                     |  in |    1| ap_ctrl_hs |    load_feature   | return value |
|ap_rst                     |  in |    1| ap_ctrl_hs |    load_feature   | return value |
|ap_start                   |  in |    1| ap_ctrl_hs |    load_feature   | return value |
|ap_done                    | out |    1| ap_ctrl_hs |    load_feature   | return value |
|ap_idle                    | out |    1| ap_ctrl_hs |    load_feature   | return value |
|ap_ready                   | out |    1| ap_ctrl_hs |    load_feature   | return value |
|m_axi_feature_in_AWVALID   | out |    1|    m_axi   |     feature_in    |    pointer   |
|m_axi_feature_in_AWREADY   |  in |    1|    m_axi   |     feature_in    |    pointer   |
|m_axi_feature_in_AWADDR    | out |   32|    m_axi   |     feature_in    |    pointer   |
|m_axi_feature_in_AWID      | out |    1|    m_axi   |     feature_in    |    pointer   |
|m_axi_feature_in_AWLEN     | out |   32|    m_axi   |     feature_in    |    pointer   |
|m_axi_feature_in_AWSIZE    | out |    3|    m_axi   |     feature_in    |    pointer   |
|m_axi_feature_in_AWBURST   | out |    2|    m_axi   |     feature_in    |    pointer   |
|m_axi_feature_in_AWLOCK    | out |    2|    m_axi   |     feature_in    |    pointer   |
|m_axi_feature_in_AWCACHE   | out |    4|    m_axi   |     feature_in    |    pointer   |
|m_axi_feature_in_AWPROT    | out |    3|    m_axi   |     feature_in    |    pointer   |
|m_axi_feature_in_AWQOS     | out |    4|    m_axi   |     feature_in    |    pointer   |
|m_axi_feature_in_AWREGION  | out |    4|    m_axi   |     feature_in    |    pointer   |
|m_axi_feature_in_AWUSER    | out |    1|    m_axi   |     feature_in    |    pointer   |
|m_axi_feature_in_WVALID    | out |    1|    m_axi   |     feature_in    |    pointer   |
|m_axi_feature_in_WREADY    |  in |    1|    m_axi   |     feature_in    |    pointer   |
|m_axi_feature_in_WDATA     | out |   32|    m_axi   |     feature_in    |    pointer   |
|m_axi_feature_in_WSTRB     | out |    4|    m_axi   |     feature_in    |    pointer   |
|m_axi_feature_in_WLAST     | out |    1|    m_axi   |     feature_in    |    pointer   |
|m_axi_feature_in_WID       | out |    1|    m_axi   |     feature_in    |    pointer   |
|m_axi_feature_in_WUSER     | out |    1|    m_axi   |     feature_in    |    pointer   |
|m_axi_feature_in_ARVALID   | out |    1|    m_axi   |     feature_in    |    pointer   |
|m_axi_feature_in_ARREADY   |  in |    1|    m_axi   |     feature_in    |    pointer   |
|m_axi_feature_in_ARADDR    | out |   32|    m_axi   |     feature_in    |    pointer   |
|m_axi_feature_in_ARID      | out |    1|    m_axi   |     feature_in    |    pointer   |
|m_axi_feature_in_ARLEN     | out |   32|    m_axi   |     feature_in    |    pointer   |
|m_axi_feature_in_ARSIZE    | out |    3|    m_axi   |     feature_in    |    pointer   |
|m_axi_feature_in_ARBURST   | out |    2|    m_axi   |     feature_in    |    pointer   |
|m_axi_feature_in_ARLOCK    | out |    2|    m_axi   |     feature_in    |    pointer   |
|m_axi_feature_in_ARCACHE   | out |    4|    m_axi   |     feature_in    |    pointer   |
|m_axi_feature_in_ARPROT    | out |    3|    m_axi   |     feature_in    |    pointer   |
|m_axi_feature_in_ARQOS     | out |    4|    m_axi   |     feature_in    |    pointer   |
|m_axi_feature_in_ARREGION  | out |    4|    m_axi   |     feature_in    |    pointer   |
|m_axi_feature_in_ARUSER    | out |    1|    m_axi   |     feature_in    |    pointer   |
|m_axi_feature_in_RVALID    |  in |    1|    m_axi   |     feature_in    |    pointer   |
|m_axi_feature_in_RREADY    | out |    1|    m_axi   |     feature_in    |    pointer   |
|m_axi_feature_in_RDATA     |  in |   32|    m_axi   |     feature_in    |    pointer   |
|m_axi_feature_in_RLAST     |  in |    1|    m_axi   |     feature_in    |    pointer   |
|m_axi_feature_in_RID       |  in |    1|    m_axi   |     feature_in    |    pointer   |
|m_axi_feature_in_RUSER     |  in |    1|    m_axi   |     feature_in    |    pointer   |
|m_axi_feature_in_RRESP     |  in |    2|    m_axi   |     feature_in    |    pointer   |
|m_axi_feature_in_BVALID    |  in |    1|    m_axi   |     feature_in    |    pointer   |
|m_axi_feature_in_BREADY    | out |    1|    m_axi   |     feature_in    |    pointer   |
|m_axi_feature_in_BRESP     |  in |    2|    m_axi   |     feature_in    |    pointer   |
|m_axi_feature_in_BID       |  in |    1|    m_axi   |     feature_in    |    pointer   |
|m_axi_feature_in_BUSER     |  in |    1|    m_axi   |     feature_in    |    pointer   |
|feature_in_offset          |  in |   30|   ap_none  | feature_in_offset |    scalar    |
|feature_buffer_address0    | out |   15|  ap_memory |   feature_buffer  |     array    |
|feature_buffer_ce0         | out |    1|  ap_memory |   feature_buffer  |     array    |
|feature_buffer_we0         | out |    1|  ap_memory |   feature_buffer  |     array    |
|feature_buffer_d0          | out |   32|  ap_memory |   feature_buffer  |     array    |
|chin                       |  in |   32|   ap_none  |        chin       |    scalar    |
|kx                         |  in |   32|   ap_none  |         kx        |    scalar    |
|ky                         |  in |   32|   ap_none  |         ky        |    scalar    |
|win                        |  in |   32|   ap_none  |        win        |    scalar    |
|hin                        |  in |   32|   ap_none  |        hin        |    scalar    |
|stride                     |  in |   32|   ap_none  |       stride      |    scalar    |
|padding                    |  in |   32|   ap_none  |      padding      |    scalar    |
|x                          |  in |   31|   ap_none  |         x         |    scalar    |
|y                          |  in |   31|   ap_none  |         y         |    scalar    |
+---------------------------+-----+-----+------------+-------------------+--------------+

