

================================================================
== Vivado HLS Report for 'multiply'
================================================================
* Date:           Sun Apr  7 13:15:19 2024

* Version:        2018.3 (Build 2405991 on Thu Dec 06 23:56:15 MST 2018)
* Project:        current_conv
* Solution:       solution1
* Product family: zynq
* Target device:  xc7z020clg400-1


================================================================
== Performance Estimates
================================================================
+ Timing (ns): 
    * Summary: 
    +--------+-------+----------+------------+
    |  Clock | Target| Estimated| Uncertainty|
    +--------+-------+----------+------------+
    |ap_clk  |  50.00|    31.477|        6.25|
    +--------+-------+----------+------------+

+ Latency (clock cycles): 
    * Summary: 
    +-----+-----+-----+-----+---------+
    |  Latency  |  Interval | Pipeline|
    | min | max | min | max |   Type  |
    +-----+-----+-----+-----+---------+
    |   92|   92|   92|   92|   none  |
    +-----+-----+-----+-----+---------+

    + Detail: 
        * Instance: 
        N/A

        * Loop: 
        +----------+-----+-----+----------+-----------+-----------+------+----------+
        |          |  Latency  | Iteration|  Initiation Interval  | Trip |          |
        | Loop Name| min | max |  Latency |  achieved |   target  | Count| Pipelined|
        +----------+-----+-----+----------+-----------+-----------+------+----------+
        |- Loop 1  |   90|   90|         2|          1|          1|    90|    yes   |
        +----------+-----+-----+----------+-----------+-----------+------+----------+



================================================================
== Utilization Estimates
================================================================
* Summary: 
+-----------------+---------+-------+--------+-------+
|       Name      | BRAM_18K| DSP48E|   FF   |  LUT  |
+-----------------+---------+-------+--------+-------+
|DSP              |        -|      -|       -|      -|
|Expression       |        -|     18|       0|   1411|
|FIFO             |        -|      -|       -|      -|
|Instance         |        -|      5|     305|    705|
|Memory           |        -|      -|       -|      -|
|Multiplexer      |        -|      -|       -|    117|
|Register         |        -|      -|     611|      -|
+-----------------+---------+-------+--------+-------+
|Total            |        0|     23|     916|   2233|
+-----------------+---------+-------+--------+-------+
|Available        |      280|    220|  106400|  53200|
+-----------------+---------+-------+--------+-------+
|Utilization (%)  |        0|     10|   ~0   |      4|
+-----------------+---------+-------+--------+-------+

+ Detail: 
    * Instance: 
    +--------------------------+----------------------+---------+-------+-----+-----+
    |         Instance         |        Module        | BRAM_18K| DSP48E|  FF | LUT |
    +--------------------------+----------------------+---------+-------+-----+-----+
    |conv_fadd_32ns_32bkb_U18  |conv_fadd_32ns_32bkb  |        0|      2|  177|  385|
    |conv_fmul_32ns_32cud_U19  |conv_fmul_32ns_32cud  |        0|      3|  128|  320|
    +--------------------------+----------------------+---------+-------+-----+-----+
    |Total                     |                      |        0|      5|  305|  705|
    +--------------------------+----------------------+---------+-------+-----+-----+

    * DSP48: 
    N/A

    * Memory: 
    N/A

    * FIFO: 
    N/A

    * Expression: 
    +--------------------------------+----------+-------+---+-----+------------+------------+
    |          Variable Name         | Operation| DSP48E| FF| LUT | Bitwidth P0| Bitwidth P1|
    +--------------------------------+----------+-------+---+-----+------------+------------+
    |bound4_fu_272_p2                |     *    |      3|  0|   47|          64|          32|
    |bound_fu_258_p2                 |     *    |      3|  0|   20|          32|          32|
    |tmp_2_fu_244_p2                 |     *    |      3|  0|   24|          31|          31|
    |tmp_5_fu_282_p2                 |     *    |      3|  0|   20|          32|          31|
    |tmp_5_mid1_fu_361_p2            |     *    |      3|  0|   20|          31|          32|
    |tmp_9_mid2_fu_450_p2            |     *    |      3|  0|   20|          32|          32|
    |c_s_fu_317_p2                   |     +    |      0|  0|   38|          31|           1|
    |i_1_fu_413_p2                   |     +    |      0|  0|   38|          31|           1|
    |index_s_fu_327_p2               |     +    |      0|  0|   39|          32|          32|
    |indvar_flatten_next1_fu_311_p2  |     +    |      0|  0|  103|          96|           1|
    |indvar_flatten_op_fu_527_p2     |     +    |      0|  0|   71|          64|           1|
    |j_op_fu_505_p2                  |     +    |      0|  0|   38|          31|           1|
    |tmp_10_fu_499_p2                |     +    |      0|  0|   39|          32|           1|
    |tmp_6_fu_488_p2                 |     +    |      0|  0|   39|          32|          32|
    |tmp_7_dup_fu_419_p2             |     +    |      0|  0|   39|          32|          32|
    |tmp_8_fu_291_p2                 |     +    |      0|  0|   39|          32|          32|
    |tmp_8_mid1_fu_436_p2            |     +    |      0|  0|   39|          32|          32|
    |exitcond_flatten1_fu_306_p2     |   icmp   |      0|  0|   50|          96|          96|
    |exitcond_flatten_fu_332_p2      |   icmp   |      0|  0|   29|          64|          64|
    |tmp_1_fu_222_p2                 |   icmp   |      0|  0|   18|          32|           1|
    |tmp_fu_200_p2                   |   icmp   |      0|  0|   18|          32|           1|
    |tmp_s_fu_301_p2                 |   icmp   |      0|  0|   18|          32|          32|
    |c_mid2_fu_405_p3                |  select  |      0|  0|   31|           1|          31|
    |i_mid2_fu_475_p3                |  select  |      0|  0|   31|           1|          31|
    |i_mid_fu_345_p3                 |  select  |      0|  0|   31|           1|           1|
    |index_1_mid2_fu_467_p3          |  select  |      0|  0|   32|           1|          32|
    |index_1_mid_fu_337_p3           |  select  |      0|  0|   32|           1|          32|
    |index_2_mid2_fu_428_p3          |  select  |      0|  0|   32|           1|          32|
    |index_2_mid_fu_353_p3           |  select  |      0|  0|   32|           1|          32|
    |index_mid2_fu_397_p3            |  select  |      0|  0|   32|           1|          32|
    |indvar_flatten_next_fu_533_p3   |  select  |      0|  0|   64|           1|           1|
    |j_1_fu_519_p3                   |  select  |      0|  0|   31|           1|          31|
    |j_cast_mid2_fu_455_p3           |  select  |      0|  0|   31|           1|          31|
    |j_cast_mid_fu_382_p3            |  select  |      0|  0|   31|           1|           1|
    |j_mid213_op_fu_511_p3           |  select  |      0|  0|   31|           1|           1|
    |smax1_fu_232_p3                 |  select  |      0|  0|   31|           1|          31|
    |smax_fu_210_p3                  |  select  |      0|  0|   31|           1|          31|
    |tmp_5_mid2_fu_366_p3            |  select  |      0|  0|   32|           1|          32|
    |tmp_9_mid223_v_fu_374_p3        |  select  |      0|  0|   32|           1|          32|
    |tmp_9_mid2_v_fu_442_p3          |  select  |      0|  0|   32|           1|          32|
    |tmp_mid_fu_390_p3               |  select  |      0|  0|    2|           1|           1|
    |ap_enable_pp0                   |    xor   |      0|  0|    2|           1|           2|
    |ap_enable_reg_pp0_iter1         |    xor   |      0|  0|    2|           2|           1|
    +--------------------------------+----------+-------+---+-----+------------+------------+
    |Total                           |          |     18|  0| 1411|         945|        1000|
    +--------------------------------+----------+-------+---+-----+------------+------------+

    * Multiplexer: 
    +-------------------------+----+-----------+-----+-----------+
    |           Name          | LUT| Input Size| Bits| Total Bits|
    +-------------------------+----+-----------+-----+-----------+
    |ap_NS_fsm                |  21|          4|    1|          4|
    |ap_enable_reg_pp0_iter1  |  15|          3|    1|          3|
    |c_reg_110                |   9|          2|   31|         62|
    |i_reg_143                |   9|          2|   31|         62|
    |index_1_reg_132          |   9|          2|   32|         64|
    |index_2_reg_166          |   9|          2|   32|         64|
    |index_reg_99             |   9|          2|   32|         64|
    |indvar_flatten1_reg_88   |   9|          2|   96|        192|
    |indvar_flatten_reg_121   |   9|          2|   64|        128|
    |j_reg_177                |   9|          2|   31|         62|
    |sum_2_reg_154            |   9|          2|   32|         64|
    +-------------------------+----+-----------+-----+-----------+
    |Total                    | 117|         25|  383|        769|
    +-------------------------+----+-----------+-----+-----------+

    * Register: 
    +---------------------------+----+----+-----+-----------+
    |            Name           | FF | LUT| Bits| Const Bits|
    +---------------------------+----+----+-----+-----------+
    |ap_CS_fsm                  |   3|   0|    3|          0|
    |ap_enable_reg_pp0_iter0    |   1|   0|    1|          0|
    |ap_enable_reg_pp0_iter1    |   1|   0|    1|          0|
    |bound4_reg_573             |  96|   0|   96|          0|
    |bound_reg_568              |  64|   0|   64|          0|
    |c_reg_110                  |  31|   0|   31|          0|
    |exitcond_flatten1_reg_578  |   1|   0|    1|          0|
    |i_reg_143                  |  31|   0|   31|          0|
    |index_1_reg_132            |  32|   0|   32|          0|
    |index_2_reg_166            |  32|   0|   32|          0|
    |index_reg_99               |  32|   0|   32|          0|
    |indvar_flatten1_reg_88     |  96|   0|   96|          0|
    |indvar_flatten_reg_121     |  64|   0|   64|          0|
    |j_reg_177                  |  31|   0|   31|          0|
    |smax_cast_reg_558          |  31|   0|   32|          1|
    |sum_2_reg_154              |  32|   0|   32|          0|
    |tmp_2_reg_563              |  32|   0|   32|          0|
    |tmp_reg_553                |   1|   0|    1|          0|
    +---------------------------+----+----+-----+-----------+
    |Total                      | 611|   0|  612|          1|
    +---------------------------+----+----+-----+-----------+



================================================================
== Interface
================================================================
* Summary: 
+-------------------------+-----+-----+------------+----------------+--------------+
|        RTL Ports        | Dir | Bits|  Protocol  |  Source Object |    C Type    |
+-------------------------+-----+-----+------------+----------------+--------------+
|ap_clk                   |  in |    1| ap_ctrl_hs |    multiply    | return value |
|ap_rst                   |  in |    1| ap_ctrl_hs |    multiply    | return value |
|ap_start                 |  in |    1| ap_ctrl_hs |    multiply    | return value |
|ap_done                  | out |    1| ap_ctrl_hs |    multiply    | return value |
|ap_idle                  | out |    1| ap_ctrl_hs |    multiply    | return value |
|ap_ready                 | out |    1| ap_ctrl_hs |    multiply    | return value |
|ap_return                | out |   32| ap_ctrl_hs |    multiply    | return value |
|feature_buffer_address0  | out |   15|  ap_memory | feature_buffer |     array    |
|feature_buffer_ce0       | out |    1|  ap_memory | feature_buffer |     array    |
|feature_buffer_q0        |  in |   32|  ap_memory | feature_buffer |     array    |
|weight_buffer_address0   | out |   15|  ap_memory |  weight_buffer |     array    |
|weight_buffer_ce0        | out |    1|  ap_memory |  weight_buffer |     array    |
|weight_buffer_q0         |  in |   32|  ap_memory |  weight_buffer |     array    |
|chin                     |  in |   32|   ap_none  |      chin      |    scalar    |
|kx                       |  in |   32|   ap_none  |       kx       |    scalar    |
|ky                       |  in |   32|   ap_none  |       ky       |    scalar    |
+-------------------------+-----+-----+------------+----------------+--------------+

